exports[`<Modal /> render component <Modal> 1`] = `
<Modal>
  <styled.div>
    <div
      className="sc-htpNat KtFsv">
      <styled.div
        isClosing={false}
        isOpen="true">
        <div
          className="sc-bxivhb jjCBzm" />
      </styled.div>
      <styled.div
        hasFixedFooter={undefined}
        innerRef={[Function]}
        isClosing={false}
        isOpen="true">
        <div
          className="sc-ifAKCX jzdXId">
          <styled.div
            hasFixedFooter={undefined}>
            <div
              className="sc-EHOje esODbU">
              <styled.h4>
                <h4
                  className="sc-gzVnrw haYQxP">
                  This is a title
                </h4>
              </styled.h4>
            </div>
          </styled.div>
          <styled.div
            hasFixedFooter={undefined}>
            <div
              className="sc-bZQynM eAuywG">
              <Button
                onClick={[Function]}
                style="Flat">
                <styled.a
                  onClick={[Function]}>
                  <a
                    className="sc-dnqmqq hmgyUI"
                    onClick={[Function]}>
                    Cancel
                  </a>
                </styled.a>
              </Button>
              <Button
                onClick={[Function]}
                style="Flat">
                <styled.a
                  onClick={[Function]}>
                  <a
                    className="sc-dnqmqq hmgyUI"
                    onClick={[Function]}>
                    Ok
                  </a>
                </styled.a>
              </Button>
            </div>
          </styled.div>
        </div>
      </styled.div>
    </div>
  </styled.div>
</Modal>
`;
