exports[`<StyledCheckBox /> render component <UnWrapped> 1`] = `
<StyledCheckBox
  name="terms"
  onChange={[Function]}
  val={true}>
  <styled.div>
    <div
      className="sc-bxivhb eyxYjs">
      <styled.label
        htmlFor="terms"
        validationError="">
        <label
          className="sc-bZQynM jYCBXE"
          htmlFor="terms">
          <styled.input
            checked="checked"
            id="terms"
            name="terms"
            onChange={[Function]}
            type="checkbox">
            <input
              checked="checked"
              className="sc-ifAKCX gcmtRL"
              id="terms"
              name="terms"
              onChange={[Function]}
              type="checkbox" />
          </styled.input>
          <styled.span
            checked="checked">
            <span
              checked="checked"
              className="sc-EHOje hyuYGb" />
          </styled.span>
        </label>
      </styled.label>
    </div>
  </styled.div>
</StyledCheckBox>
`;
